readiness pure_cfa seed 17: step=6002000 target=6000000
Evaluation started for seed 17 at Wed Jul  1 21:19:57 EDT 2026
Ignoring 12 stale/incompatible partial pair results from outputs/rl/ginsburg_20260622/eval/seed_17/panel_6a_learned_centered_recovery_200r/pair_results.jsonl
learned_0p2m vs learned_2m: wr=0.290 (200 rallies)
learned_0p2m vs centered_2m: wr=0.685 (200 rallies)
learned_0p2m vs learned_4m: wr=0.405 (200 rallies)
learned_0p2m vs centered_4m: wr=0.770 (200 rallies)
learned_0p2m vs learned_6m: wr=0.360 (200 rallies)
learned_0p2m vs centered_6m: wr=0.630 (200 rallies)
centered_0p2m vs learned_2m: wr=0.210 (200 rallies)
centered_0p2m vs centered_2m: wr=0.255 (200 rallies)
centered_0p2m vs learned_4m: wr=0.120 (200 rallies)
centered_0p2m vs centered_4m: wr=0.150 (200 rallies)
centered_0p2m vs learned_6m: wr=0.345 (200 rallies)
centered_0p2m vs centered_6m: wr=0.365 (200 rallies)
learned_1m vs learned_2m: already complete
learned_1m vs centered_2m: already complete
learned_1m vs learned_4m: already complete
learned_1m vs centered_4m: already complete
learned_1m vs learned_6m: already complete
learned_1m vs centered_6m: already complete
centered_1m vs learned_2m: already complete
centered_1m vs centered_2m: already complete
centered_1m vs learned_4m: already complete
centered_1m vs centered_4m: already complete
centered_1m vs learned_6m: already complete
centered_1m vs centered_6m: already complete
learned_2m vs centered_2m: wr=0.655 (200 rallies)
learned_2m vs learned_4m: wr=0.325 (200 rallies)
learned_2m vs centered_4m: wr=0.515 (200 rallies)
learned_2m vs learned_6m: wr=0.610 (200 rallies)
learned_2m vs centered_6m: wr=0.530 (200 rallies)
centered_2m vs learned_2m: wr=0.450 (200 rallies)
centered_2m vs learned_4m: wr=0.060 (200 rallies)
centered_2m vs centered_4m: wr=0.285 (200 rallies)
centered_2m vs learned_6m: wr=0.420 (200 rallies)
centered_2m vs centered_6m: wr=0.475 (200 rallies)
learned_3m vs learned_2m: wr=0.710 (200 rallies)
learned_3m vs centered_2m: wr=0.615 (200 rallies)
learned_3m vs learned_4m: wr=0.370 (200 rallies)
learned_3m vs centered_4m: wr=0.320 (200 rallies)
learned_3m vs learned_6m: wr=0.525 (200 rallies)
learned_3m vs centered_6m: wr=0.425 (200 rallies)
centered_3m vs learned_2m: wr=0.340 (200 rallies)
centered_3m vs centered_2m: wr=0.725 (200 rallies)
centered_3m vs learned_4m: wr=0.275 (200 rallies)
centered_3m vs centered_4m: wr=0.630 (200 rallies)
centered_3m vs learned_6m: wr=0.435 (200 rallies)
centered_3m vs centered_6m: wr=0.750 (200 rallies)
learned_4m vs learned_2m: wr=0.625 (200 rallies)
learned_4m vs centered_2m: wr=0.910 (200 rallies)
learned_4m vs centered_4m: wr=0.795 (200 rallies)
learned_4m vs learned_6m: wr=0.585 (200 rallies)
learned_4m vs centered_6m: wr=0.590 (200 rallies)
centered_4m vs learned_2m: wr=0.455 (200 rallies)
centered_4m vs centered_2m: wr=0.710 (200 rallies)
centered_4m vs learned_4m: wr=0.210 (200 rallies)
centered_4m vs learned_6m: wr=0.360 (200 rallies)
centered_4m vs centered_6m: wr=0.595 (200 rallies)
learned_5m vs learned_2m: wr=0.495 (200 rallies)
learned_5m vs centered_2m: wr=0.500 (200 rallies)
learned_5m vs learned_4m: wr=0.605 (200 rallies)
learned_5m vs centered_4m: wr=0.640 (200 rallies)
learned_5m vs learned_6m: wr=0.485 (200 rallies)
learned_5m vs centered_6m: wr=0.725 (200 rallies)
centered_5m vs learned_2m: wr=0.650 (200 rallies)
centered_5m vs centered_2m: wr=0.480 (200 rallies)
centered_5m vs learned_4m: wr=0.410 (200 rallies)
centered_5m vs centered_4m: wr=0.395 (200 rallies)
centered_5m vs learned_6m: wr=0.415 (200 rallies)
centered_5m vs centered_6m: wr=0.540 (200 rallies)
learned_6m vs learned_2m: wr=0.410 (200 rallies)
learned_6m vs centered_2m: wr=0.600 (200 rallies)
learned_6m vs learned_4m: wr=0.495 (200 rallies)
learned_6m vs centered_4m: wr=0.630 (200 rallies)
learned_6m vs centered_6m: wr=0.650 (200 rallies)
centered_6m vs learned_2m: wr=0.450 (200 rallies)
centered_6m vs centered_2m: wr=0.515 (200 rallies)
centered_6m vs learned_4m: wr=0.475 (200 rallies)
centered_6m vs centered_4m: wr=0.385 (200 rallies)
centered_6m vs learned_6m: wr=0.395 (200 rallies)
manifest: outputs/rl/ginsburg_20260622/eval/seed_17/panel_6a_learned_centered_recovery_200r/manifest.json
report: outputs/rl/ginsburg_20260622/eval/seed_17/panel_6a_learned_centered_recovery_200r/recovery_ablation_report.json
ratings: outputs/rl/ginsburg_20260622/eval/seed_17/panel_6a_learned_centered_recovery_200r/elo_by_variant.csv
plot: outputs/rl/ginsburg_20260622/eval/seed_17/panel_6a_learned_centered_recovery_200r/elo_vs_checkpoint.png
plot: outputs/rl/ginsburg_20260622/eval/seed_17/panel_6a_learned_centered_recovery_200r/mean_pool_win_rate_vs_checkpoint.png
centered step=200000: elo=1310.9
centered step=1000000: elo=1336.8
centered step=2000000: elo=1421.1
centered step=3000000: elo=1535.6
centered step=4000000: elo=1493.6
centered step=5000000: elo=1503.8
centered step=6000000: elo=1458.1
learned step=200000: elo=1533.8
learned step=1000000: elo=1591.9
learned step=2000000: elo=1537.7
learned step=3000000: elo=1512.8
learned step=4000000: elo=1626.9
learned step=5000000: elo=1571.5
learned step=6000000: elo=1565.4
Evaluation finished for seed 17 at Wed Jul  1 22:35:58 EDT 2026
